../Core/Src/main.c:125:6:HAL_TIM_IC_CaptureCallback	16	static
../Core/Src/main.c:152:7:steeringInput	16	static
../Core/Src/main.c:162:7:drivingInput	16	static
../Core/Src/main.c:216:7:getPIDPower	24	static
../Core/Src/main.c:242:7:getEncoderAngle	4	static
../Core/Src/main.c:246:7:rawSteeringToAngle	16	static
../Core/Src/main.c:254:6:setSteeringMotor	24	static
../Core/Src/main.c:269:6:setDrivingMotor	24	static
../Core/Src/main.c:277:6:setBreaks	16	static
../Core/Src/main.c:287:6:updateMaxSpeed	4	static
../Core/Src/main.c:303:5:main	24	static
../Core/Src/main.c:427:6:SystemClock_Config	88	static
../Core/Src/main.c:483:13:MX_ADC1_Init	24	static
../Core/Src/main.c:535:13:MX_DAC_Init	16	static
../Core/Src/main.c:575:13:MX_I2C2_Init	8	static
../Core/Src/main.c:609:13:MX_RTC_Init	32	static
../Core/Src/main.c:679:13:MX_TIM1_Init	56	static
../Core/Src/main.c:744:13:MX_TIM2_Init	56	static
../Core/Src/main.c:808:13:MX_TIM3_Init	72	static
../Core/Src/main.c:882:13:MX_TIM4_Init	72	static
../Core/Src/main.c:956:13:MX_TIM5_Init	72	static
../Core/Src/main.c:1030:13:MX_TIM8_Init	72	static
../Core/Src/main.c:1105:13:MX_TIM10_Init	40	static
../Core/Src/main.c:1151:13:MX_TIM11_Init	40	static
../Core/Src/main.c:1197:13:MX_TIM12_Init	64	static
../Core/Src/main.c:1264:13:MX_USART2_UART_Init	8	static
../Core/Src/main.c:1297:13:MX_GPIO_Init	48	static
../Core/Src/main.c:1338:1:__io_putchar	16	static
../Core/Src/main.c:1352:6:Error_Handler	4	static,ignoring_inline_asm
