17:38:13 **** Incremental Build of configuration Debug for project RCGoKart ****
make -j16 all 
arm-none-eabi-gcc "../Core/Src/main.c" -mcpu=cortex-m4 -std=gnu11 -g3 -DDEBUG -DUSE_HAL_DRIVER -DSTM32F446xx -c -I../Core/Inc -I../Drivers/STM32F4xx_HAL_Driver/Inc -I../Drivers/STM32F4xx_HAL_Driver/Inc/Legacy -I../Drivers/CMSIS/Device/ST/STM32F4xx/Include -I../Drivers/CMSIS/Include -O0 -ffunction-sections -fdata-sections -Wall -fstack-usage -fcyclomatic-complexity -MMD -MP -MF"Core/Src/main.d" -MT"Core/Src/main.o" --specs=nano.specs -mfpu=fpv4-sp-d16 -mfloat-abi=hard -mthumb -o "Core/Src/main.o"
arm-none-eabi-gcc -o "RCGoKart.elf" @"objects.list"   -mcpu=cortex-m4 -T"C:\Users\rpodo\OneDrive\Documents\Coding\Personal Projects\EVC-Remote-Cart\RCGoKart\STM32F446RETX_FLASH.ld" --specs=nosys.specs -Wl,-Map="RCGoKart.map" -Wl,--gc-sections -static --specs=nano.specs -mfpu=fpv4-sp-d16 -mfloat-abi=hard -mthumb -Wl,--start-group -lc -lm -Wl,--end-group
Finished building target: RCGoKart.elf
 
arm-none-eabi-size   RCGoKart.elf 
arm-none-eabi-objdump -h -S  RCGoKart.elf  > "RCGoKart.list"
   text	   data	    bss	    dec	    hex	filename
  24696	    112	   2768	  27576	   6bb8	RCGoKart.elf
Finished building: default.size.stdout
 
Finished building: RCGoKart.list
 

17:38:14 Build Finished. 0 errors, 0 warnings. (took 591ms)

